MULTIPLE-FILES CODINGadmin@macbookchmod +x scanner.py
admin@macbooksource .venv/bin/activate                                        
source: no such file or directory: .venv/bin/activate
admin@macbooksource venv/bin/activate
source: no such file or directory: venv/bin/activate
admin@macbooksource .venv/bin/activate
source: no such file or directory: .venv/bin/activate
admin@macbookpython3 -m venv venv
admin@macbooksource venv/bin/activate
(venv) admin@macbookpython scanner.py
📁 Scanning directory: .
------------------------------------------------------------
✅ Scanned 2 files (15.2 KB)
📄 Found 2 text files
------------------------------------------------------------

======================================================================
💬 Spark-X2.5 Interactive File Analyzer
======================================================================

Commands:
  /help           - Show this help
  /files          - List all scanned files
  /tree           - Show file tree
  /summary        - Show summary of scanned files
  /think ON/OFF   - Toggle thinking mode
  /quit, /exit    - Exit the program
  Any other input will be sent as a question
----------------------------------------------------------------------

✅ Loaded 2 files. Ask me anything about them!
💡 Tip: Use /tree to see file structure


📝 You: /files                  

📄 Scanned Files:
  1. scanner.py (278 lines, 15470 bytes)
  2. question.txt (1 lines, 61 bytes)

📝 You: scan question.txt and answer it

🤔 Analyzing... (this may take a moment)


======================================================================
🤖 Spark-X2.5 Analysis
Thinking mode: OFF
Max tokens: 2048, Temperature: 0.7
======================================================================

The repository /Users/<REDACTED/.cache/huggingface/hub/models--XHToken--Spark-X2.5-1.7B/snapshots/448e61eb392c00f2c403185c5b56d5e0665bfaab contains custom code which must be executed to correctly load the model. You can inspect the repository content at /Users/<REDACTED/.cache/huggingface/hub/models--XHToken--Spark-X2.5-1.7B/snapshots/448e61eb392c00f2c403185c5b56d5e0665bfaab .
 You can inspect the repository content at https://hf.co//Users/<REDACTED/.cache/huggingface/hub/models--XHToken--Spark-X2.5-1.7B/snapshots/448e61eb392c00f2c403185c5b56d5e0665bfaab.
You can avoid this prompt in future by passing the argument `trust_remote_code=True`.

Do you wish to run the custom code? [y/N] ==========
We need to analyze the given context and answer the question: "scan question.txt and answer it". The provided context includes a directory scan results with two files: scanner.py and question.txt. We need to "scan question.txt and answer it", meaning we should analyze the content of question.txt and provide a detailed and helpful response based on its contents.

The question.txt content is:

```
Make an HTML file that displays a table with 20 country names
```

So we need to respond to the user's request: scan question.txt and answer it. We should interpret what the user wants: they might want to know what the file asks, or maybe they want us to generate an HTML file that meets the request? The prompt says: "scan question.txt and answer it". This could be interpreted as: given the file content, provide a detailed answer about what the file asks, or perhaps create a solution? But the instruction is ambiguous. The user is likely asking us to analyze the file and answer the question it poses. Since it's a "scan question.txt and answer it", we should explain the content, what it asks, and maybe provide guidance or a sample solution if needed. However, the context is that we are analyzing files in a project directory, and we have scanner.py that scans files and allows questions. So we are supposed to be a file scanner/analyzer. The question.txt is a directive: "Make an HTML file that displays a table with 20 country names". So we need to answer that, i.e., provide a detailed answer about how to create such an HTML file, or perhaps provide the HTML code.

Given the context, we are analyzing files. The user says "scan question.txt and answer it". So we should output a response that addresses the content of question.txt and provides a helpful answer, possibly explaining what the file asks and how to implement it, or directly providing the HTML code.

Since the user didn't specify the exact output format, we should provide a comprehensive answer: first, describe the file content, then explain what the request is, and then provide a solution (like the HTML code) and possibly explanation.

But we need to be careful: the task is to "scan question.txt and answer it". We are to act as a file scanner/analyzer. So we should respond by analyzing the file, and then providing an answer to the question posed.

Let's craft a response:

- Identify the file (question.txt) and its content.
- Explain that the file asks to create an HTML file that displays a table with 20 country names.
- Provide a detailed explanation of how to create such an HTML file, including the structure, styling, and content.
- Possibly provide the actual HTML code as an example.
- Also note that scanner.py can scan this file and provide context, but we are answering the question directly.

The response should be helpful and detailed.

Let's structure the response:

1. **File Analysis**: Briefly state the file found and its content.
2. **Question Interpretation**: Explain what the question is asking: create an HTML file with a table displaying 20 country names.
3. **Solution**: Provide a step-by-step guide or the actual HTML code.
4. **Additional Notes**: Mention that this file could be scanned by the scanner.py tool and that it will provide context if needed.

Since the user said "scan question.txt and answer it", we should demonstrate that we have scanned it and provided an answer.

I'll write a detailed response that includes:

- The content of question.txt.
- A breakdown of what it requires.
- A sample HTML code that meets the requirement.
- Maybe a brief explanation of the HTML structure, table, styling, and how to populate 20 countries.

I'll also mention that the scanner.py tool can be used to scan and analyze this file, but the answer is direct.

Let's draft the response.

But first, I need to consider if the user expects us to actually generate the HTML file? The prompt says "scan question.txt and answer it". That is an instruction to scan the file and answer. Typically, such a request means we should analyze the file and provide an answer to the question in it. So we can answer the question by providing the implementation or explaining it.

Given the context, we are a file scanner that analyzes files and can answer questions. So we can say something like: "The file question.txt asks to create an HTML file displaying a table with 20 country names. Here is a detailed solution..."

I'll proceed.

Now, let's write the response.

We should be thorough and helpful.

I'll include:

- **File Identification**: `question.txt`
- **Content**: The exact text.
- **Requirement**: Create an HTML file that displays a table with 20 country names.
- **Solution**: Provide the HTML code, with explanation of how to populate the table (e.g., using a list of country names, proper styling, etc.)
- **Additional considerations**: Maybe mention that the HTML file should be saved and opened in a browser for display.

I'll also note that the scanner.py can scan this file and provide context, and if needed, we could use that tool to generate the HTML.

But the user's request is to "scan question.txt and answer it". So I'll focus on answering the question.

Let's write the response.

I'll start with:

**Analysis of question.txt**

The file `question.txt` contains the following text:

```
Make an HTML file that displays a table with 20 country names
```

This file is a directive that asks to create an HTML page with a table displaying exactly 20 country names.

**Answer**

To fulfill this requirement, we can create a simple, functional HTML file that includes a table with 20 country names. Below is a complete solution, along with a detailed explanation.

### 1. HTML Structure

The HTML file should have:
- A `<table>` element containing a `<tr>` for each country.
- Each `<tr>` should have a `<th>` for the country name.
- Optionally, include a header row or styling for better presentation.

### 2. Sample HTML Code

Here is a complete HTML file that meets the requirement:

```html
<!DOCTYPE html>
<html lang="en">
<head>
    <meta charset="UTF-8">
    <meta name="viewport" content="width=device-width, initial-scale=1.0">
    <title>20 Country Names Table</title>
    <style>
        body {
            font-family: Arial, sans-serif;
            margin: 40px;
            color: #333;
        }
        h1 {
            text-align: center;
            color: #2c3e50;
        }
        table {
            width: 100%;
            border-collapse: collapse;
            margin-top: 20px;
            box-shadow: 0 2px 8px rgba(0, 0, 0, 0.1);
        }
        th, td {
            padding: 12px 15px;
            text-align: left;
            border-bottom: 1px solid #ddd;
        }
        th {
            background-color: #f2f2f2;
            font-weight: bold;
            color: #333;
        }
        tr:nth-child(even) {
            background-color: #f9f9f9;
        }
        tr:hover {
            background-color: #e8f4fc;
        }
    </style>
</head>
<body>
    <h1>20 Country Names Table</h1>
    <table>
        <thead>
            <tr>
                <th>Country Name</th>
            </tr>
        </thead>
        <tbody>
            <tr>
                <th>United States</th>
            </tr>
            <tr>
                <th>China</th>
            </tr>
            <tr>
                <th>Japan</th>
            </tr>
            <tr>
                <th>France</th>
            </tr>
            <tr>
                <th>Germany</th>
            </tr>
            <tr>
                <th>India</th>
            </tr>
            <tr>
                <th>Canada</th>
            </tr>
            <tr>
                <th> Australia</th>
            </tr>
            <tr>
                <th>Brazil</th>
            </tr>
            <tr>
                <th>South Korea</th>
            </tr>
            <tr>
                <th>Spain</th>
            </tr>
            <tr>
                <th>Russia</th>
            </tr>
            <tr>
                <th>Italy</th>
            </tr>
            <tr>
                <th>Mexico</th>
            </tr>
            <tr>
                <th
==========
Prompt: 2818 tokens, 638.903 tokens-per-sec
Generation: 2048 tokens, 22.678 tokens-per-sec
Peak memory: 4.033 GB


[Stderr] 
Fetching 13 files:   0%|          | 0/13 [00:00<?, ?it/s]
Fetching 13 files: 100%|██████████| 13/13 [00:00<00:00, 1490.64it/s]
[transformers] You are using a model of type `spark2_5` to instantiate a model of type ``. This may be expected if you are loading a checkpoint that shares a subset of the architecture (e.g., loading a `sam2_video` checkpoint into `Sam2Model`), but is otherwise not supported and can yield errors. Please verify that the checkpoint is compatible with the model you are instantiating.103.68s


(venv) admin@macbookpython scanner.py
📁 Scanning directory: .
------------------------------------------------------------
✅ Scanned 2 files (16.1 KB)
📄 Found 2 text files
------------------------------------------------------------

======================================================================
💬 Spark-X2.5 Interactive File Analyzer
======================================================================

Commands:
  /help           - Show this help
  /files          - List all scanned files
  /tree           - Show file tree
  /summary        - Show summary of scanned files
  /think ON/OFF   - Toggle thinking mode
  /quit, /exit    - Exit the program
  Any other input will be sent as a question
----------------------------------------------------------------------

✅ Loaded 2 files. Ask me anything about them!
💡 Tip: Use /tree to see file structure


📝 You: /files

📄 Scanned Files:
  1. scanner.py (281 lines, 16465 bytes)
  2. question.txt (1 lines, 61 bytes)

📝 You: answer the question is question.txt

🤔 Analyzing... (this may take a moment)


======================================================================
🤖 Spark-X2.5 Analysis
Thinking mode: OFF
Max tokens: 30000, Temperature: 0.7
======================================================================

The repository /Users/<REDACTED/.cache/huggingface/hub/models--XHToken--Spark-X2.5-1.7B/snapshots/448e61eb392c00f2c403185c5b56d5e0665bfaab contains custom code which must be executed to correctly load the model. You can inspect the repository content at /Users/<REDACTED/.cache/huggingface/hub/models--XHToken--Spark-X2.5-1.7B/snapshots/448e61eb392c00f2c403185c5b56d5e0665bfaab .
 You can inspect the repository content at https://hf.co//Users/<REDACTED/.cache/huggingface/hub/models--XHToken--Spark-X2.5-1.7B/snapshots/448e61eb392c00f2c403185c5b56d5e0665bfaab.
You can avoid this prompt in future by passing the argument `trust_remote_code=True`.

Do you wish to run the custom code? [y/N] ==========
We need to answer the question: "answer the question is question.txt". The context provides a directory scan results, with two files: scanner.py and question.txt. The question we need to answer is based on question.txt content. Let's read the question.txt content:

```
Make an HTML file that displays a table with 20 country names
```

So we need to provide a detailed and helpful response based on the file contents. The question is: "Make an HTML file that displays a table with 20 country names". So we should respond as if we are answering that request, perhaps explaining what we would do, or providing the HTML code? The instruction says: "answer the question is question.txt". It might be a prompt to generate a response that addresses the question based on the file content. Since the file is just a request, we should probably provide a solution or an explanation of how to create such an HTML file. But the user might be asking us to answer the question that is in question.txt, meaning we should respond with the content that fulfills that request. However, we are a language model, we can't actually create an HTML file, but we can provide the HTML code as a response.

We need to provide a detailed and helpful response. Let's think about what the user wants. They gave a directory scan, and then ask: "answer the question is question.txt". Possibly they are testing our ability to read the file and answer based on it. So we should output a response that directly answers the question, maybe by providing the HTML code or an explanation.

Since the question is "Make an HTML file that displays a table with 20 country names", we can respond by providing the HTML code that creates a table with 20 country names, and also explain how to use it.

Alternatively, we could interpret that we are supposed to explain what the file contains and what it asks for, and then provide a solution.

Let's craft a helpful response:

- Acknowledge the file content: question.txt contains a request to create an HTML file that displays a table with 20 country names.
- Provide the HTML code that would accomplish this.
- Explain how to use it (e.g., open in browser, adjust table rows, etc.).
- Possibly mention that we can generate the table with a list of countries.

We should also tie it back to the directory scan context, maybe mentioning that we extracted this file from the project directory.

But the instruction is simply: "answer the question is question.txt". So we should answer the question directly.

Let's write a response that includes the HTML code, and a brief explanation.

We need to ensure the response is detailed and helpful.

Let's create the HTML code:

```html
<!DOCTYPE html>
<html lang="en">
<head>
    <meta charset="UTF-8">
    <meta name="viewport" content="width=device-width, initial-scale=1.0">
    <title>Country Names Table</title>
    <style>
        body {
            font-family: Arial, sans-serif;
            margin: 20px;
            padding: 20px;
            background-color: #f5f5f5;
        }
        table {
            width: 100%;
            border-collapse: collapse;
            margin-top: 20px;
        }
        th, td {
            border: 1px solid #ddd;
            padding: 8px;
            text-align: left;
        }
        th {
            background-color: #4a90e2;
            color: white;
        }
        tr:nth-child(even) {
            background-color: #f2f2f2;
        }
    </style>
</head>
<body>
    <h1>Country Names</h1>
    <table>
        <thead>
            <tr>
                <th>Country</th>
                <th>Code</th>
                <th>Region</th>
                <th>Capital</th>
            </tr>
        </thead>
        <tbody>
            <!-- 20 rows of country data -->
            <!-- Example: countries list -->
            <tr><td>China</td><td>CN</td><td>East Asia</td><td>Beijing</td></tr>
            <tr><td>USA</td><td>US</td><td>North America</td><td>Washington, D.C.</td></tr>
            <!-- ... and so on for 20 countries -->
        </tbody>
    </table>
</body>
</html>
```

We need to include 20 country names. We can create a list of 20 well-known countries.

Alternatively, we can generate a full list programmatically, but as a static HTML, we can just provide a sample with 20 entries.

Better: provide a complete HTML file with a generated table that includes 20 countries. We can list:

1. Canada
2. France
3. Germany
4. India
5. Japan
6. Korea, South
7. Mexico
8. Netherlands
9. Norway
10. Poland
11. Russia
12. Spain
13. Sweden
14. Turkey
15. United Kingdom
16. United States
17. United Arab Emirates
18. United States of America (duplicate) - better to use distinct.
Let's use 20 distinct countries:

1. Canada
2. France
3. Germany
4. India
5. Japan
6. Korea, South
7. Mexico
8. Netherlands
9. Norway
10. Poland
11. Russia
12. Spain
13. Sweden
14. Turkey
15. United Kingdom
16. United States
17. United Arab Emirates
18. Australia
19. Belgium
20. Brazil

We can include them in the HTML.

Now, we need to respond in a helpful manner. We can say:

"Based on the file `question.txt`, which contains the request: 'Make an HTML file that displays a table with 20 country names', I have provided the following HTML code that will create such a table. You can open the code in a browser to view the table, or save it as an `.html` file."

Then present the full HTML code.

Also, we can explain how to add more rows, adjust styling, etc.

Let's structure the response:

1. Introduction: Identifying the question from question.txt.
2. Present the HTML code.
3. Provide usage instructions.
4. Possibly include additional tips (e.g., how to modify the table size, add country data, etc.).

We must ensure the response is detailed and helpful.

Now, let's write the final answer.

Note: The user's prompt is: "answer the question is question.txt". So we should directly answer that question.

Let's produce a comprehensive response.

We'll write:

**Answer:**

The file `question.txt` contains the request: **"Make an HTML file that displays a table with 20 country names"**. Below is a complete HTML file that fulfills this request. You can open it in any modern browser to see the table, or save it as an `.html` file for offline use.

### HTML File Code

```html
<!DOCTYPE html>
<html lang="en">
<head>
    <meta charset="UTF-8">
    <meta name="viewport" content="width=device-width, initial-scale=1.0">
    <title>Country Names Table</title>
    <style>
        body {
            font-family: 'Segoe UI', Arial, sans-serif;
            margin: 24px;
            padding: 24px;
            background-color: #f8f9fa;
            color: #333;
        }
        h1 {
            text-align: center;
            color: #2c3e50;
        }
        table {
            width: 100%;
            border-collapse: collapse;
            margin-top: 20px;
            box-shadow: 0 2px 8px rgba(0,0,0,0.1);
        }
        th, td {
            border: 1px solid #ddd;
            padding: 10px 12px;
            text-align: left;
        }
        th {
            background-color: #3498db;
            color: white;
            font-weight: 600;
        }
        td {
            color: #333;
        }
        tr:nth-child(even) {
            background-color: #f2f7ff;
        }
        tr:hover {
            background-color: #e8f0fe;
        }
    </style>
</head>
<body>
    <h1>🇺🇸 Country Names Table</h1>
    <table>
        <thead>
            <tr>
                <th>#</th>
                <th>Country</th>
                <th>ISO Code</th>
                <th>Region</th>
                <th>Capital</th>
            </tr>
        </thead>
        <tbody>
            <tr><td>1</td><td>Canada</td><td>CA</td><td>North America</td><td>Ottawa</td></tr>
            <tr><td>2</td><td>France</td><td>FR</td><td>Europe</td><td>Paris</td></tr>
            <tr><td>3</td><td>Germany</td><td>DE</td><td>Europe</td><td>Berlin</td></tr>
            <tr><td>4</td><td>India</td><td>IN</td><td>Asia</td><td>New Delhi</td></tr>
            <tr><td>5</td><td>Japan</td><td>JP</td><td>Asia</td><td>Tokyo</td></tr>
            <tr><td>6</td><td>Korea, South</td><td>KR</td><td>Asia</td><td>Seoul</td></tr>
            <tr><td>7</td><td>Mexico</td><td>MX</td><td>North America</td><td>Mexico City</td></tr>
            <tr><td>8</td><td>Netherlands</td><td>NL</td><td>Europe</td><td>Amsterdam</td></tr>
            <tr><td>9</td><td>Norway</td><td>NO</td><td>North America</td><td>Oslo</td></tr>
            <tr><td>10</td><td>Poland</td><td>PL</td><td>Europe</td><td>Warsaw</td></tr>
            <tr><td>11</td><td>Russia</td><td>RU</td><td>Europe</td><td>Moscow</td></tr>
            <tr><td>12</td><td>Spain</td><td>ES</td><td>Europe</td><td>Madrid</td></tr>
            <tr><td>13</td><td>Sweden</td><td>SE</td><td>Europe</td><td>Stockholm</td></tr>
            <tr><td>14</td><td>Turkey</td><td>TR</td><td>Europe</td><td>Ankara</td></tr>
            <tr><td>15</td><td>United Kingdom</td><td>UK</td><td>Europe</td><td>London</td></tr>
            <tr><td>16</td><td>United States</td><td>US</td><td>North America</td><td>Washington, D.C.</td></tr>
            <tr><td>17</td><td>United Arab Emirates</td><td>AE</td><td>Middle East</td><td>Dubai</td></tr>
            <tr><td>18</td><td>Australia</td><td>AU</td><td>Oceania</td><td>Canberra</td></tr>
            <tr><td>19</td><td>Belgium</td><td>BE</td><td>Europe</td><td>Brussels</td></tr>
            <tr><td>20</td><td>Brazil</td><td>BR</td><td>South America</td><td>Brasilia</td></tr>
        </tbody>
    </table>
</body>
</html>
```

### How to Use It

- **Open in Browser**: Simply copy the above code and paste it into any text editor, then save as `country_table.html`. Double-click the file in a browser to view the table.
- **Modify Data**: You can easily add more rows by inserting `<tr>` elements with the desired country data. The `#` column can be used as a sequence number.
- **Style Adjustment**: The CSS block allows you to change font, colors, padding, and layout to match your project's design preferences.

This HTML file directly addresses the request from `question.txt`, providing a clean, visually appealing table of 20 countries with their basic information.

That should be a thorough response.

We should also mention that we are analyzing the directory and extracted the relevant file, but the main focus is answering the question.

Let's ensure the response is helpful and detailed.

Now, I'll produce the final answer.</think>Based on the file `question.txt`, the request is to **create an HTML file that displays a table of 20 country names**. Below is a complete, ready-to-use HTML solution that fulfills this exact request. You can open it directly in any browser to see the table, or save it as an `.html` file for offline use.

---

### HTML File Code

```html
<!DOCTYPE html>
<html lang="en">
<head>
    <meta charset="UTF-8">
    <meta name="viewport" content="width=device-width, initial-scale=1.0">
    <title>Country Names Table</title>
    <style>
        body {
            font-family: 'Segoe UI', Arial, sans-serif;
            margin: 24px;
            padding: 24px;
            background-color: #f8f9fa;
            color: #333;
        }
        h1 {
            text-align: center;
            color: #2c3e50;
        }
        table {
            width: 100%;
            border-collapse: collapse;
            margin-top: 20px;
            box-shadow: 0 2px 8px rgba(0,0,0,0.1);
        }
        th, td {
            border: 1px solid #ddd;
            padding: 10px 12px;
            text-align: left;
        }
        th {
            background-color: #3498db;
            color: white;
            font-weight: 600;
        }
        td {
            color: #333;
        }
        tr:nth-child(even) {
            background-color: #f2f7ff;
        }
        tr:hover {
            background-color: #e8f0fe;
        }
    </style>
</head>
<body>
    <h1>🇺🇸 Country Names Table</h1>
    <table>
        <thead>
            <tr>
                <th>#</th>
                <th>Country</th>
                <th>ISO Code</th>
                <th>Region</th>
                <th>Capital</th>
            </tr>
        </thead>
        <tbody>
            <tr><td>1</td><td>Canada</td><td>CA</td><td>North America</td><td>Ottawa</td></tr>
            <tr><td>2</td><td>France</td><td>FR</td><td>Europe</td><td>Paris</td></tr>
            <tr><td>3</td><td>Germany</td><td>DE</td><td>Europe</td><td>Berlin</td></tr>
            <tr><td>4</td><td>India</td><td>IN</td><td>Asia</td><td>New Delhi</td></tr>
            <tr><td>5</td><td>Japan</td><td>JP</td><td>Asia</td><td>Tokyo</td></tr>
            <tr><td>6</td><td>Korea, South</td><td>KR</td><td>Asia</td><td>Seoul</td></tr>
            <tr><td>7</td><td>Mexico</td><td>MX</td><td>North America</td><td>Mexico City</td></tr>
            <tr><td>8</td><td>Netherlands</td><td>NL</td><td>Europe</td><td>Amsterdam</td></tr>
            <tr><td>9</td><td>Norway</td><td>NO</td><td>North America</td><td>Oslo</td></tr>
            <tr><td>10</td><td>Poland</td><td>PL</td><td>Europe</td><td>Warsaw</td></tr>
            <tr><td>11</td><td>Russia</td><td>RU</td><td>Europe</td><td>Moscow</td></tr>
            <tr><td>12</td><td>Spain</td><td>ES</td><td>Europe</td><td>Madrid</td></tr>
            <tr><td>13</td><td>Sweden</td><td>SE</td><td>Europe</td><td>Stockholm</td></tr>
            <tr><td>14</td><td>Turkey</td><td>TR</td><td>Europe</td><td>Ankara</td></tr>
            <tr><td>15</td><td>United Kingdom</td><td>UK</td><td>Europe</td><td>London</td></tr>
            <tr><td>16</td><td>United States</td><td>US</td><td>North America</td><td>Washington, D.C.</td></tr>
            <tr><td>17</td><td>United Arab Emirates</td><td>AE</td><td>Middle East</td><td>Dubai</td></tr>
            <tr><td>18</td><td>Australia</td><td>AU</td><td>Oceania</td><td>Canberra</td></tr>
            <tr><td>19</td><td>Belgium</td><td>BE</td><td>Europe</td><td>Brussels</td></tr>
            <tr><td>20</td><td>Brazil</td><td>BR</td><td>South America</td><td>Brasilia</td></tr>
        </tbody>
    </table>
</body>
</html>
```

### How to Use It

- **Open in Browser**: Copy the code above into any text editor (e.g., VS Code, Notepad), save it as `country_table.html`, and double-click it in a browser. The table will display the 20 countries you listed.
- **Add More Data**: To include additional countries, simply insert new `<tr>` elements inside the `<tbody>` section with the desired country information. The `#` column can be used as a sequence number.
- **Customise Styling**: The CSS block allows you to change fonts, colors, padding, and layout to match your project’s design. You can modify the background, borders, or hover effects as needed.

This HTML file directly answers the request from `question.txt`, providing a clean, well-styled table of 20 country names with basic country, region, and capital details.
==========
Prompt: 2824 tokens, 835.294 tokens-per-sec
Generation: 4731 tokens, 24.029 tokens-per-sec
Peak memory: 4.033 GB


[Stderr] 
Fetching 13 files:   0%|          | 0/13 [00:00<?, ?it/s]
Fetching 13 files: 100%|██████████| 13/13 [00:00<00:00, 1629.29it/s]
[transformers] You are using a model of type `spark2_5` to instantiate a model of type ``. This may be expected if you are loading a checkpoint that shares a subset of the architecture (e.g., loading a `sam2_video` checkpoint into `Sam2Model`), but is otherwise not supported and can yield errors. Please verify that the checkpoint is compatible with the model you are instantiating.======================================================================
💬 Spark-X2.5 Interactive File Analyzer
======================================================================

Commands:
  /help           - Show this help
  /files          - List all scanned files
  /tree           - Show file tree
  /summary        - Show summary of scanned files
  /think ON/OFF   - Toggle thinking mode
  /quit, /exit    - Exit the program
  Any other input will be sent as a question
----------------------------------------------------------------------

✅ Loaded 3 files. Ask me anything about them!
💡 Tip: Use /tree to see file structure


📝 You: /files

📄 Scanned Files:
  1. scanner.py (281 lines, 16465 bytes)
  2. question.txt (1 lines, 61 bytes)
  3. make.C (9 lines, 98 bytes)

📝 You: focus on make.C what is the error in it ??

🤔 Analyzing... (this may take a moment)


======================================================================
🤖 Spark-X2.5 Analysis
Thinking mode: OFF
Max tokens: 30000, Temperature: 0.7Me added: Wrong answer
======================================================================

The repository /Users/<REDACTED/.cache/huggingface/hub/models--XHToken--Spark-X2.5-1.7B/snapshots/448e61eb392c00f2c403185c5b56d5e0665bfaab contains custom code which must be executed to correctly load the model. You can inspect the repository content at /Users/<REDACTED/.cache/huggingface/hub/models--XHToken--Spark-X2.5-1.7B/snapshots/448e61eb392c00f2c403185c5b56d5e0665bfaab .
We need to analyze the given context for the file `make.C`. The user asks: "focus on make.C what is the error in it ??"

We need to provide a detailed and helpful response based on the file contents.

Let's examine the file `make.C`:

```c
#include <stdio.h>

int main()
{
    int a=782;
    int b=02;
    int c=a+b;
    printf("%d",c);
}
```

We need to identify the errors. Possible issues:

1. **Incorrect integer literal for `b`**: `int b=02;` In C, the decimal number 02 is not valid. It should be `0b02` (binary) or `2` (decimal). `02` is interpreted as a binary number, which is invalid because binary numbers don't have a leading zero unless it's `0b...`. So `02` is a syntax error.

2. **Missing semicolon or other issues?** Let's check: The line `int b=02;` has a semicolon, but the value is invalid. So it's a syntax error.

3. **Could there be other errors?** The code otherwise seems syntactically correct except for that. `int a=782;` is fine. `int c=a+b;` fine. `printf("%d",c);` fine.

But note: The file says `make.C` and it's a C file. The error is the invalid integer literal `02`.

We should also mention that `02` is not a valid constant in C; it should be `2` or `0b02` (with leading zero in binary requires `0b`). So the compiler will give an error like "invalid conversion from integer to int".

Additionally, there might be a potential issue with the variable name `b` and `c`, but that's not an error. The main error is the invalid literal.

We should provide a detailed explanation: point out the line, explain why it's invalid, what the correct version should be, and perhaps note that the rest of the code is syntactically correct but would fail compilation after fixing that.

Let's craft the response.

We'll structure the answer:

- Identify the problematic line: `int b=02;`
- Explain that `02` is not a valid C constant; it's an invalid integer literal.
- Explain that in C, integer literals are written in decimal, so `02` is interpreted as binary, which is not allowed.
- Show what the correct code should be (e.g., `int b=2;` or `int b=0b02;` if binary is intended, but typically decimal is used).
- Note that if the intention was to set `b` to the decimal value 2, then `int b=2;` is correct.
- Additionally, check if there are any other issues: the code is otherwise syntactically valid, but after fixing the literal, it will compile and run (though `b` and `c` are not used in any meaningful way, but that's not an error).

Also, we could mention that there is a potential typo: the line `int b=02;` may have been intended to be `int b=2;` or `int b=0b02;` but as written, it's an error.

We should be thorough and helpful.

Now, let's write the response.</think>Based on the file `make.C` provided, the primary error is an **invalid integer literal** in the line:

```c
int b=02;
```

### Detailed Analysis

#### 1. The Specific Error
In C (and most languages), integer literals must be written in **decimal** (or appropriately defined binary). The value `02` is **not valid** as a decimal integer.

- **What C does with `int b=02;`:**  
  The compiler interprets `02` as a **binary number** (since it starts with a `0` followed by `2`), but binary literals must be prefixed with `0b` (or `0B` for uppercase). Using `02` directly results in a **syntax error**.

- **Expected error message (compiler):**  
  Something like:  
  ```
  error: invalid conversion from integer to int
  ```  
  or a more specific error related to invalid binary literal.

#### 2. Why This Is Wrong
- `02` is being treated as a binary number, which is not allowed in standard C.
- Even if the intention was to use a binary value, the syntax would need to be `0b02` (e.g., `int b = 0b02;`).
- The most common and logical interpretation is that the author intended to assign the decimal value `2` to `b`, but accidentally wrote `02`.

#### 3. Correct Versions of the Offending Line
Here are the valid alternatives that would fix the error:

- **If you want `b` to be the decimal value `2`:**  
  ```c
  int b = 2;
  ```

- **If you want `b` to be the binary value `2` (0b02):**  
  ```c
  int b = 0b02;
  ```

- **If you want `b` to be the decimal value `02` (i.e., two in decimal):**  
  This is already valid, but it is unconventional. The decimal representation is `2`, so the correct form is `int b = 2;`.

#### 4. Overall Code Correctness
- The rest of the code (`#include <stdio.h>`, `int main()`, `int a=782;`, `int c=a+b;`, `printf("%d",c);`) is syntactically **valid** and will compile correctly **once the integer literal is fixed**.
- There are no other syntax errors (such as missing semicolons, unbalanced braces, or invalid function calls).

### Summary
The only error in `make.C` is the invalid literal `02` on the line `int b=02;`. Fixing this line to use a valid integer constant (e.g., `int b = 2;`) will allow the file to compile and execute without fundamental syntax/type errors. The rest of the file is otherwise correct.
==========
Prompt: 2904 tokens, 439.136 tokens-per-sec
Generation: 1451 tokens, 23.197 tokens-per-sec
Peak memory: 4.033 GB
Runtime:136.55s


[Stderr] 
Fetching 13 files:   0%|          | 0/13 [00:00<?, ?it/s]
Fetching 13 files: 100%|██████████| 13/13 [00:00<00:00, 1909.51it/s]
[transformers] You are using a model of type `spark2_5` to instantiate a model of type ``. This may be expected if you are loading a checkpoint that shares a subset of the architecture (e.g., loading a `sam2_video` checkpoint into `Sam2Model`), but is otherwise not supported and can yield errors. Please verify that the checkpoint is compatible with the model you are instantiating.
